
> benjamin-portfolio@0.1.0 test
> react-scripts test

